// Jest Snapshot v1, https://goo.gl/fbAQLP

exports[`Form component deve conseguir renderizar [snapshot] 1`] = `
<form>
  <label
    class="sc-bdVaJa FTQhB"
    for="cep"
  >
    CEP
  </label>
  <input
    class="sc-bwzfXH fRVSPy"
    data-testid="input-form"
    id="cep"
    name="cep"
    placeholder="02250-250"
    type="text"
    value=""
    width="70%,15em,15em"
  />
  <button
    class="sc-htpNat irRmst"
    type="submit"
    width="95%,8em,8em"
  >
    Buscar
  </button>
</form>
`;
