// Jest Snapshot v1, https://goo.gl/fbAQLP

exports[`Container Adress component deve conseguir renderizar [snapshot] 1`] = `
<div
  class="sc-bwzfXH wqKLy"
>
  <p
    class="sc-bdVaJa fTxPHd"
    font-size="2em"
    font-weight="bold"
  >
    Praça da Sé
  </p>
  <p
    class="sc-bdVaJa ffYDP"
  >
    Sé
  </p>
  <p
    class="sc-bdVaJa ffYDP"
  >
    São Paulo-SP
  </p>
  <p
    class="sc-bdVaJa dqUOud"
  >
    01001-000
  </p>
</div>
`;
