// Jest Snapshot v1, https://goo.gl/fbAQLP

exports[`Container Adress component deve conseguir renderizar [snapshot] 1`] = `
<div
  className="sc-bwzfXH wqKLy"
>
  <p
    className="sc-bdVaJa fTxPHd"
    fontSize="2em"
    fontWeight="bold"
  >
    Praça da Sé
  </p>
  <p
    className="sc-bdVaJa ffYDP"
  >
    Sé
  </p>
  <p
    className="sc-bdVaJa ffYDP"
  >
    São Paulo-SP
  </p>
  <p
    className="sc-bdVaJa dqUOud"
  >
    01001-000
  </p>
</div>
`;
